npm info using npm@11.20.0
npm info using node@v22.19.0

> taxi@0.1.0 build
> prisma generate && next build

Environment variables loaded from .env
Prisma schema loaded from prisma\schema.prisma

✔ Generated Prisma Client (v6.12.0) to .\node_modules\@prisma\client in 563ms

Start by importing your Prisma Client (See: https://pris.ly/d/importing-client)

Tip: Want to turn off tips and other hints? https://pris.ly/tip-4-nohints

▲ Next.js 16.3.6 (Turbopack)
- Environments: .env.production, .env
✓ Running next.config.ts took 65ms

  Creating an optimized production build ...
✓ Compiled successfully in 29.0s
  Running TypeScript ...
.next/types/validator.ts(999,31): error TS2344: Type 'typeof import("C:/Users/shah/Desktop/rsbackend/src/app/api/m/agreements/quick/route")' does not satisfy the constraint 'RouteHandlerConfig<"/api/m/agreements/quick">'.
  The types returned by 'POST(...)' are incompatible between these types.
    Type 'Promise<NextResponse<unknown> | null>' is not assignable to type 'void | Response | Promise<void | Response>'.
      Type 'Promise<NextResponse<unknown> | null>' is not assignable to type 'Promise<void | Response>'.
        Type 'NextResponse<unknown> | null' is not assignable to type 'void | Response'.
          Type 'null' is not assignable to type 'void | Response'.
.next/types/validator.ts(1098,31): error TS2344: Type 'typeof import("C:/Users/shah/Desktop/rsbackend/src/app/api/m/driver-applications/[id]/approve/route")' does not satisfy the constraint 'RouteHandlerConfig<"/api/m/driver-applications/[id]/approve">'.
  The types returned by 'POST(...)' are incompatible between these types.
    Type 'Promise<NextResponse<unknown> | null>' is not assignable to type 'void | Response | Promise<void | Response>'.
      Type 'Promise<NextResponse<unknown> | null>' is not assignable to type 'Promise<void | Response>'.
        Type 'NextResponse<unknown> | null' is not assignable to type 'void | Response'.
          Type 'null' is not assignable to type 'void | Response'.
Failed to type check.

Turbopack build encountered 22 warnings:
./styles/theme.scss
Warning: Issue while running loader
SassWarning: 516 repetitive deprecation warnings omitted.
Run in verbose mode to see all warnings.

Import trace:
  App Route:
    ./styles/theme.scss
    ./src/app/(auth-api)/api/upload/[...path]/route.ts


./styles/theme.scss
Warning: Issue while running loader
SassWarning: Deprecation Warning on line 1, column 8 of file:///C:/Users/shah/Desktop/rsbackend/styles/theme.scss:1:8:
Sass @import rules are deprecated and will be removed in Dart Sass 3.0.0.

More info and automated migrator: https://sass-lang.com/d/import

1 | @import "../node_modules/bootstrap/scss/functions";


styles\theme.scss 2:9  root stylesheet


Import trace:
  App Route:
    ./styles/theme.scss
    ./src/app/(auth-api)/api/upload/[...path]/route.ts


./styles/theme.scss
Warning: Issue while running loader
SassWarning: Deprecation Warning on line 10, column 8 of file:///C:/Users/shah/Desktop/rsbackend/styles/theme.scss:10:8:
Sass @import rules are deprecated and will be removed in Dart Sass 3.0.0.

More info and automated migrator: https://sass-lang.com/d/import

10 | @import "theme/variables";


styles\theme.scss 11:9  root stylesheet


Import trace:
  App Route:
    ./styles/theme.scss
    ./src/app/(auth-api)/api/upload/[...path]/route.ts


./styles/theme.scss
Warning: Issue while running loader
SassWarning: Deprecation Warning on line 11, column 8 of file:///C:/Users/shah/Desktop/rsbackend/styles/theme.scss:11:8:
Sass @import rules are deprecated and will be removed in Dart Sass 3.0.0.

More info and automated migrator: https://sass-lang.com/d/import

11 | @import "theme/variables-dark";


styles\theme.scss 12:9  root stylesheet


Import trace:
  App Route:
    ./styles/theme.scss
    ./src/app/(auth-api)/api/upload/[...path]/route.ts


./styles/theme.scss
Warning: Issue while running loader
SassWarning: Deprecation Warning on line 13, column 8 of file:///C:/Users/shah/Desktop/rsbackend/styles/theme.scss:13:8:
Sass @import rules are deprecated and will be removed in Dart Sass 3.0.0.

More info and automated migrator: https://sass-lang.com/d/import

13 | @import "theme/utilities";


styles\theme.scss 14:9  root stylesheet


Import trace:
  App Route:
    ./styles/theme.scss
    ./src/app/(auth-api)/api/upload/[...path]/route.ts


./styles/theme.scss
Warning: Issue while running loader
SassWarning: Deprecation Warning on line 176, column 10 of file:///C:/Users/shah/Desktop/rsbackend/node_modules/bootstrap/scss/_functions.scss:176:10:
The Sass if() syntax is deprecated in favor of the modern CSS syntax.

Suggestion: if(sass($l1 > $l2): divide($l1 + 0.05, $l2 + 0.05); else: divide($l2 + 0.05, $l1 + 0.05))

More info: https://sass-lang.com/d/if-function

176 |   @return if($l1 > $l2, divide($l1 + .05, $l2 + .05), divide($l2 + .05, $l1 + .05));


node_modules\bootstrap\scss\_functions.scss 177:11  @import
styles\theme.scss 2:9                               root stylesheet


Import trace:
  App Route:
    ./styles/theme.scss
    ./src/app/(auth-api)/api/upload/[...path]/route.ts


./styles/theme.scss
Warning: Issue while running loader
SassWarning: Deprecation Warning on line 190, column 12 of file:///C:/Users/shah/Desktop/rsbackend/node_modules/bootstrap/scss/_functions.scss:190:12:
The Sass if() syntax is deprecated in favor of the modern CSS syntax.

Suggestion: if(sass(divide($value, 255) < 0.04045): divide(divide($value, 255), 12.92); else: nth($_luminance-list, $value + 1))

More info: https://sass-lang.com/d/if-function

190 |     $value: if(divide($value, 255) < .04045, divide(divide($value, 255), 12.92), nth($_luminance-list, $value + 1));


node_modules\bootstrap\scss\_functions.scss 191:13  @import
styles\theme.scss 2:9                               root stylesheet


Import trace:
  App Route:
    ./styles/theme.scss
    ./src/app/(auth-api)/api/upload/[...path]/route.ts


./styles/theme.scss
Warning: Issue while running loader
SassWarning: Deprecation Warning on line 206, column 10 of file:///C:/Users/shah/Desktop/rsbackend/node_modules/bootstrap/scss/_functions.scss:206:10:
Global built-in functions are deprecated and will be removed in Dart Sass 3.0.0.
Use color.mix instead.

More info and automated migrator: https://sass-lang.com/d/import

206 |   @return mix(white, $color, $weight);


node_modules\bootstrap\scss\_functions.scss 207:11  tint-color()
styles\theme\_variables.scss 71:15                  @import
styles\theme.scss 11:9                              root stylesheet


Import trace:
  App Route:
    ./styles/theme.scss
    ./src/app/(auth-api)/api/upload/[...path]/route.ts


./styles/theme.scss
Warning: Issue while running loader
SassWarning: Deprecation Warning on line 216, column 10 of file:///C:/Users/shah/Desktop/rsbackend/node_modules/bootstrap/scss/_functions.scss:216:10:
The Sass if() syntax is deprecated in favor of the modern CSS syntax.

Suggestion: if(sass($weight > 0): shade-color($color, $weight); else: tint-color($color, -$weight))

More info: https://sass-lang.com/d/if-function

216 |   @return if($weight > 0, shade-color($color, $weight), tint-color($color, -$weight));


node_modules\bootstrap\scss\_functions.scss 217:11  @import
styles\theme.scss 2:9                               root stylesheet


Import trace:
  App Route:
    ./styles/theme.scss
    ./src/app/(auth-api)/api/upload/[...path]/route.ts


./styles/theme.scss
Warning: Issue while running loader
SassWarning: Deprecation Warning on line 57, column 29 of file:///C:/Users/shah/Desktop/rsbackend/node_modules/bootstrap/scss/_functions.scss:57:29:
The Sass if() syntax is deprecated in favor of the modern CSS syntax.

Suggestion: if(sass($arg == "$key"): $key; else: if($arg == "$value", $value, $arg))

More info: https://sass-lang.com/d/if-function

57 |       $_args: append($_args, if($arg == "$key", $key, if($arg == "$value", $value, $arg)));


node_modules\bootstrap\scss\_functions.scss 58:30  @import
styles\theme.scss 2:9                              root stylesheet


Import trace:
  App Route:
    ./styles/theme.scss
    ./src/app/(auth-api)/api/upload/[...path]/route.ts


./styles/theme.scss
Warning: Issue while running loader
SassWarning: Deprecation Warning on line 57, column 54 of file:///C:/Users/shah/Desktop/rsbackend/node_modules/bootstrap/scss/_functions.scss:57:54:
The Sass if() syntax is deprecated in favor of the modern CSS syntax.

Suggestion: if(sass($arg == "$value"): $value; else: $arg)

More info: https://sass-lang.com/d/if-function

57 |       $_args: append($_args, if($arg == "$key", $key, if($arg == "$value", $value, $arg)));


node_modules\bootstrap\scss\_functions.scss 58:55  @import
styles\theme.scss 2:9                              root stylesheet


Import trace:
  App Route:
    ./styles/theme.scss
    ./src/app/(auth-api)/api/upload/[...path]/route.ts


./styles/theme.scss
Warning: Issue while running loader
SassWarning: Deprecation Warning on line 68, column 20 of file:///C:/Users/shah/Desktop/rsbackend/styles/theme/_variables.scss:68:20:
Global built-in functions are deprecated and will be removed in Dart Sass 3.0.0.
Use color.red instead.

More info and automated migrator: https://sass-lang.com/d/import

68 | $primary-100-rgb: #{red($primary-100)}, #{green($primary-100)}, #{blue($primary-100)};


styles\theme\_variables.scss 69:21  @import
styles\theme.scss 11:9              root stylesheet


Import trace:
  App Route:
    ./styles/theme.scss
    ./src/app/(auth-api)/api/upload/[...path]/route.ts


./styles/theme.scss
Warning: Issue while running loader
SassWarning: Deprecation Warning on line 68, column 20 of file:///C:/Users/shah/Desktop/rsbackend/styles/theme/_variables.scss:68:20:
red() is deprecated. Suggestion:

color.channel($color, "red", $space: rgb)

More info: https://sass-lang.com/d/color-functions

68 | $primary-100-rgb: #{red($primary-100)}, #{green($primary-100)}, #{blue($primary-100)};


styles\theme\_variables.scss 69:21  @import
styles\theme.scss 11:9              root stylesheet


Import trace:
  App Route:
    ./styles/theme.scss
    ./src/app/(auth-api)/api/upload/[...path]/route.ts


./styles/theme.scss
Warning: Issue while running loader
SassWarning: Deprecation Warning on line 68, column 42 of file:///C:/Users/shah/Desktop/rsbackend/styles/theme/_variables.scss:68:42:
Global built-in functions are deprecated and will be removed in Dart Sass 3.0.0.
Use color.green instead.

More info and automated migrator: https://sass-lang.com/d/import

68 | $primary-100-rgb: #{red($primary-100)}, #{green($primary-100)}, #{blue($primary-100)};


styles\theme\_variables.scss 69:43  @import
styles\theme.scss 11:9              root stylesheet


Import trace:
  App Route:
    ./styles/theme.scss
    ./src/app/(auth-api)/api/upload/[...path]/route.ts


./styles/theme.scss
Warning: Issue while running loader
SassWarning: Deprecation Warning on line 68, column 42 of file:///C:/Users/shah/Desktop/rsbackend/styles/theme/_variables.scss:68:42:
green() is deprecated. Suggestion:

color.channel($color, "green", $space: rgb)

More info: https://sass-lang.com/d/color-functions

68 | $primary-100-rgb: #{red($primary-100)}, #{green($primary-100)}, #{blue($primary-100)};


styles\theme\_variables.scss 69:43  @import
styles\theme.scss 11:9              root stylesheet


Import trace:
  App Route:
    ./styles/theme.scss
    ./src/app/(auth-api)/api/upload/[...path]/route.ts


./styles/theme.scss
Warning: Issue while running loader
SassWarning: Deprecation Warning on line 68, column 66 of file:///C:/Users/shah/Desktop/rsbackend/styles/theme/_variables.scss:68:66:
Global built-in functions are deprecated and will be removed in Dart Sass 3.0.0.
Use color.blue instead.

More info and automated migrator: https://sass-lang.com/d/import

68 | $primary-100-rgb: #{red($primary-100)}, #{green($primary-100)}, #{blue($primary-100)};


styles\theme\_variables.scss 69:67  @import
styles\theme.scss 11:9              root stylesheet


Import trace:
  App Route:
    ./styles/theme.scss
    ./src/app/(auth-api)/api/upload/[...path]/route.ts


./styles/theme.scss
Warning: Issue while running loader
SassWarning: Deprecation Warning on line 68, column 66 of file:///C:/Users/shah/Desktop/rsbackend/styles/theme/_variables.scss:68:66:
blue() is deprecated. Suggestion:

color.channel($color, "blue", $space: rgb)

More info: https://sass-lang.com/d/color-functions

68 | $primary-100-rgb: #{red($primary-100)}, #{green($primary-100)}, #{blue($primary-100)};


styles\theme\_variables.scss 69:67  @import
styles\theme.scss 11:9              root stylesheet


Import trace:
  App Route:
    ./styles/theme.scss
    ./src/app/(auth-api)/api/upload/[...path]/route.ts


./styles/theme.scss
Warning: Issue while running loader
SassWarning: Deprecation Warning on line 7, column 8 of file:///C:/Users/shah/Desktop/rsbackend/styles/theme.scss:7:8:
Sass @import rules are deprecated and will be removed in Dart Sass 3.0.0.

More info and automated migrator: https://sass-lang.com/d/import

7 | @import "user-variables";


styles\theme.scss 8:9  root stylesheet


Import trace:
  App Route:
    ./styles/theme.scss
    ./src/app/(auth-api)/api/upload/[...path]/route.ts


./styles/theme.scss
Warning: Issue while running loader
SassWarning: Deprecation Warning on line 72, column 20 of file:///C:/Users/shah/Desktop/rsbackend/styles/theme/_variables.scss:72:20:
Global built-in functions are deprecated and will be removed in Dart Sass 3.0.0.
Use color.red instead.

More info and automated migrator: https://sass-lang.com/d/import

72 | $primary-300-rgb: #{red($primary-300)}, #{green($primary-300)}, #{blue($primary-300)};


styles\theme\_variables.scss 73:21  @import
styles\theme.scss 11:9              root stylesheet


Import trace:
  App Route:
    ./styles/theme.scss
    ./src/app/(auth-api)/api/upload/[...path]/route.ts


./styles/theme.scss
Warning: Issue while running loader
SassWarning: Deprecation Warning on line 72, column 20 of file:///C:/Users/shah/Desktop/rsbackend/styles/theme/_variables.scss:72:20:
red() is deprecated. Suggestion:

color.channel($color, "red", $space: rgb)

More info: https://sass-lang.com/d/color-functions

72 | $primary-300-rgb: #{red($primary-300)}, #{green($primary-300)}, #{blue($primary-300)};


styles\theme\_variables.scss 73:21  @import
styles\theme.scss 11:9              root stylesheet


Import trace:
  App Route:
    ./styles/theme.scss
    ./src/app/(auth-api)/api/upload/[...path]/route.ts


./styles/theme.scss
Warning: Issue while running loader
SassWarning: Deprecation Warning on line 72, column 42 of file:///C:/Users/shah/Desktop/rsbackend/styles/theme/_variables.scss:72:42:
green() is deprecated. Suggestion:

color.channel($color, "green", $space: rgb)

More info: https://sass-lang.com/d/color-functions

72 | $primary-300-rgb: #{red($primary-300)}, #{green($primary-300)}, #{blue($primary-300)};


styles\theme\_variables.scss 73:43  @import
styles\theme.scss 11:9              root stylesheet


Import trace:
  App Route:
    ./styles/theme.scss
    ./src/app/(auth-api)/api/upload/[...path]/route.ts


./src/app/(auth-api)/api/upload/[...path]/route.ts:26:23
Warning: Dynamic filesystem access causes tracing of the whole project
  [90m24 |[0m     [36mif[0m (!fs.existsSync(fullPath)) {
  [90m25 |[0m       [90m// For backward compatibility/development[0m
[33m[1m>[0m [90m26 |[0m       [36mconst[0m devPath = path.join(process.cwd(), urlPath);
  [90m   |[0m                       [33m[1m^^^^^^^^^^^^^^^^^^^^^^^^^^^^^^^^^[0m
  [90m27 |[0m       [36mif[0m (fs.existsSync(devPath)) {
  [90m28 |[0m         [36mconst[0m fileBuffer = fs.readFileSync(devPath);
  [90m29 |[0m         [36mconst[0m stats = fs.statSync(devPath);

Static analysis determined that this filesystem access causes the whole project to be traced and included in the output.
This is usually unintentional and leads to all source files (including the public folder) to be deployed as part of the server code.
This can slow down deployments or lead to failures when size limits are exceeded.
To resolve this, you can
- make sure the path is statically scoped to some subfolder, for example path.join(process.cwd(), 'data', bar), or
- only use them in development, or
- opt out by adding an ignore comment to the highlighted call: path.join(/*turbopackIgnore: true*/ ...), or
- remove them.

Import trace:
  App Route:
    ./src/app/(auth-api)/api/upload/[...path]/route.ts
    ./src/app/(auth-api)/api/upload/[...path]/route.ts


